Error: Variable b already declared at line 3
